CREATE TABLE intvals(val int, color text);
-- Test empty table
SELECT median(val) FROM intvals;
 median 
--------
       
(1 row)

-- Integers with odd number of values
INSERT INTO intvals VALUES
       (1, 'a'),
       (2, 'c'),
       (9, 'b'),
       (7, 'c'),
       (2, 'd'),
       (-3, 'd'),
       (2, 'e');
SELECT * FROM intvals ORDER BY val;
 val | color 
-----+-------
  -3 | d
   1 | a
   2 | c
   2 | e
   2 | d
   7 | c
   9 | b
(7 rows)

SELECT median(val) FROM intvals;
 median 
--------
      2
(1 row)

-- Integers with NULLs and even number of values
INSERT INTO intvals VALUES
       (99, 'a'),
       (NULL, 'a'),
       (NULL, 'e'),
       (NULL, 'b'),
       (7, 'c'),
       (0, 'd');
SELECT * FROM intvals ORDER BY val;
 val | color 
-----+-------
  -3 | d
   0 | d
   1 | a
   2 | e
   2 | d
   2 | c
   7 | c
   7 | c
   9 | b
  99 | a
     | a
     | e
     | b
(13 rows)

SELECT median(val) FROM intvals;
 median 
--------
      2
(1 row)

-- Real values
CREATE TABLE realvals(val real, color text);
INSERT INTO realvals VALUES
        (76.2, 'a'),
        (33.71, 'c'),
        (21.5, 'b'),
        (56.38, 'c'),
        (10, 'd'),
        (99.12, 'd'),
        (24.98, 'e'),
        (33.72, 'f');
SELECT * FROM realvals ORDER BY val;
  val  | color 
-------+-------
    10 | d
  21.5 | b
 24.98 | e
 33.71 | c
 33.72 | f
 56.38 | c
  76.2 | a
 99.12 | d
(8 rows)

SELECT median(val) FROM realvals;
 median 
--------
 33.715
(1 row)

-- Text values
CREATE TABLE textvals(val text, color int);
INSERT INTO textvals VALUES
       ('erik', 1),
       ('mat', 3),
       ('rob', 8),
       ('david', 9),
       ('lee', 2);
SELECT * FROM textvals ORDER BY val;
  val  | color 
-------+-------
 david |     9
 erik  |     1
 lee   |     2
 mat   |     3
 rob   |     8
(5 rows)

SELECT median(val) FROM textvals;
 median 
--------
 lee
(1 row)

-- Test large table with timestamps
CREATE TABLE timestampvals (val timestamptz);
INSERT INTO timestampvals(val)
SELECT TIMESTAMP 'epoch' + (i * INTERVAL '1 second')
FROM generate_series(0, 100000) as T(i);
SELECT median(val) FROM timestampvals;
            median            
------------------------------
 Thu Jan 01 13:53:20 1970 PST
(1 row)

